▲ Next.js 16.1.6 (Turbopack)
- Environments: .env

  Creating an optimized production build ...
✓ Compiled successfully in 10.5s
  Running TypeScript ...
  Collecting page data using 7 workers ...
  Generating static pages using 7 workers (0/15) ...
  Generating static pages using 7 workers (3/15) 
  Generating static pages using 7 workers (7/15) 
  Generating static pages using 7 workers (11/15) 
✓ Generating static pages using 7 workers (15/15) in 1253.7ms
  Finalizing page optimization ...

Route (app)
┌ ƒ /
├ ○ /_not-found
├ ƒ /about
├ ƒ /api/auth/[...nextauth]
├ ƒ /api/google-login
├ ƒ /api/register
├ ƒ /contact
├ ○ /dashboard
├ ○ /dashboard/appointments
├ ○ /dashboard/consultation
├ ○ /dashboard/profile
├ ƒ /doctors
├ ○ /login
└ ○ /register


○  (Static)   prerendered as static content
ƒ  (Dynamic)  server-rendered on demand

